2025-08-18 09:52:36,935 - INFO - Starting industry classification process
2025-08-18 09:52:37,009 - INFO - Loaded 144 companies for classification
2025-08-18 09:52:37,035 - ERROR - Error processing company 1: Model not trained
2025-08-18 09:52:37,054 - ERROR - Error processing company 2: Model not trained
2025-08-18 09:52:37,091 - ERROR - Error processing company 4: Model not trained
2025-08-18 09:52:37,116 - ERROR - Error processing company 5: Model not trained
2025-08-18 09:52:37,144 - ERROR - Error processing company 6: Model not trained
2025-08-18 09:52:37,170 - ERROR - Error processing company 8: Model not trained
2025-08-18 09:52:37,220 - ERROR - Error processing company 9: Model not trained
2025-08-18 09:52:37,259 - ERROR - Error processing company 13: Model not trained
2025-08-18 09:52:37,286 - ERROR - Error processing company 14: Model not trained
2025-08-18 09:52:37,342 - ERROR - Error processing company 15: Model not trained
2025-08-18 09:52:37,396 - ERROR - Error processing company 16: Model not trained
2025-08-18 09:52:37,422 - ERROR - Error processing company 17: Model not trained
2025-08-18 09:52:37,458 - INFO - Updated company 18: Textiles \u2192 Textiles (method: alias_resolution, confidence: 0.95)
2025-08-18 09:52:37,481 - INFO - Updated company 19: Textiles \u2192 Textiles (method: alias_resolution, confidence: 0.95)
2025-08-18 09:52:37,500 - INFO - Updated company 20: Textiles \u2192 Textiles (method: alias_resolution, confidence: 0.95)
2025-08-18 09:52:37,518 - INFO - Updated company 21: Textiles \u2192 Textiles (method: alias_resolution, confidence: 0.95)
2025-08-18 09:52:37,534 - INFO - Updated company 22: Textiles \u2192 Textiles (method: alias_resolution, confidence: 0.95)
2025-08-18 09:52:37,554 - INFO - Updated company 23: Textiles \u2192 Textiles (method: alias_resolution, confidence: 0.95)
2025-08-18 09:52:37,572 - INFO - Updated company 24: Textiles \u2192 Textiles (method: alias_resolution, confidence: 0.95)
2025-08-18 09:52:37,593 - INFO - Updated company 25: Textiles \u2192 Textiles (method: alias_resolution, confidence: 0.95)
2025-08-18 09:52:37,610 - INFO - Updated company 26: Textiles \u2192 Textiles (method: alias_resolution, confidence: 0.95)
2025-08-18 09:52:37,631 - ERROR - Error processing company 28: Model not trained
2025-08-18 09:52:37,652 - ERROR - Error processing company 29: Model not trained
2025-08-18 09:52:37,672 - ERROR - Error processing company 30: Model not trained
2025-08-18 09:52:37,691 - ERROR - Error processing company 34: Model not trained
2025-08-18 09:52:37,711 - ERROR - Error processing company 35: Model not trained
2025-08-18 09:52:37,735 - ERROR - Error processing company 36: Model not trained
2025-08-18 09:52:37,756 - ERROR - Error processing company 37: Model not trained
2025-08-18 09:52:37,790 - ERROR - Error processing company 38: Model not trained
2025-08-18 09:52:37,821 - ERROR - Error processing company 39: Model not trained
2025-08-18 09:52:37,842 - ERROR - Error processing company 40: Model not trained
2025-08-18 09:52:37,863 - ERROR - Error processing company 42: Model not trained
2025-08-18 09:52:37,882 - ERROR - Error processing company 43: Model not trained
2025-08-18 09:52:37,905 - ERROR - Error processing company 44: Model not trained
2025-08-18 09:52:37,925 - ERROR - Error processing company 45: Model not trained
2025-08-18 09:52:37,944 - ERROR - Error processing company 47: Model not trained
2025-08-18 09:52:37,965 - ERROR - Error processing company 48: Model not trained
2025-08-18 09:52:37,985 - ERROR - Error processing company 49: Model not trained
2025-08-18 09:52:38,006 - ERROR - Error processing company 50: Model not trained
2025-08-18 09:52:38,040 - ERROR - Error processing company 52: Model not trained
2025-08-18 09:52:38,064 - ERROR - Error processing company 53: Model not trained
2025-08-18 09:52:38,085 - ERROR - Error processing company 54: Model not trained
2025-08-18 09:52:38,105 - ERROR - Error processing company 55: Model not trained
2025-08-18 09:52:38,125 - ERROR - Error processing company 56: Model not trained
2025-08-18 09:52:38,145 - ERROR - Error processing company 57: Model not trained
2025-08-18 09:52:38,164 - ERROR - Error processing company 58: Model not trained
2025-08-18 09:52:38,185 - ERROR - Error processing company 59: Model not trained
2025-08-18 09:52:38,208 - ERROR - Error processing company 60: Model not trained
2025-08-18 09:52:38,253 - ERROR - Error processing company 61: Model not trained
2025-08-18 09:52:38,270 - ERROR - Error processing company 62: Model not trained
2025-08-18 09:52:38,287 - ERROR - Error processing company 63: Model not trained
2025-08-18 09:52:38,305 - ERROR - Error processing company 64: Model not trained
2025-08-18 09:52:38,339 - ERROR - Error processing company 68: Model not trained
2025-08-18 09:52:38,359 - ERROR - Error processing company 69: Model not trained
2025-08-18 09:52:38,379 - ERROR - Error processing company 70: Model not trained
2025-08-18 09:52:38,398 - ERROR - Error processing company 71: Model not trained
2025-08-18 09:52:38,417 - ERROR - Error processing company 72: Model not trained
2025-08-18 09:52:38,437 - ERROR - Error processing company 73: Model not trained
2025-08-18 09:52:38,459 - ERROR - Error processing company 74: Model not trained
2025-08-18 09:52:38,479 - ERROR - Error processing company 75: Model not trained
2025-08-18 09:52:38,499 - ERROR - Error processing company 76: Model not trained
2025-08-18 09:52:38,519 - ERROR - Error processing company 77: Model not trained
2025-08-18 09:52:38,539 - ERROR - Error processing company 78: Model not trained
2025-08-18 09:52:38,560 - ERROR - Error processing company 79: Model not trained
2025-08-18 09:52:38,584 - ERROR - Error processing company 80: Model not trained
2025-08-18 09:52:38,604 - ERROR - Error processing company 81: Model not trained
2025-08-18 09:52:38,628 - ERROR - Error processing company 83: Model not trained
2025-08-18 09:52:38,651 - ERROR - Error processing company 84: Model not trained
2025-08-18 09:52:38,673 - ERROR - Error processing company 85: Model not trained
2025-08-18 09:52:38,696 - ERROR - Error processing company 86: Model not trained
2025-08-18 09:52:38,732 - ERROR - Error processing company 87: Model not trained
2025-08-18 09:52:38,759 - ERROR - Error processing company 88: Model not trained
2025-08-18 09:52:38,805 - ERROR - Error processing company 89: Model not trained
2025-08-18 09:52:38,830 - ERROR - Error processing company 90: Model not trained
2025-08-18 09:52:38,852 - ERROR - Error processing company 91: Model not trained
2025-08-18 09:52:38,874 - ERROR - Error processing company 92: Model not trained
2025-08-18 09:52:38,901 - ERROR - Error processing company 93: Model not trained
2025-08-18 09:52:38,923 - ERROR - Error processing company 94: Model not trained
2025-08-18 09:52:38,952 - ERROR - Error processing company 95: Model not trained
2025-08-18 09:52:38,974 - ERROR - Error processing company 96: Model not trained
2025-08-18 09:52:38,996 - ERROR - Error processing company 97: Model not trained
2025-08-18 09:52:39,018 - ERROR - Error processing company 98: Model not trained
2025-08-18 09:52:39,041 - ERROR - Error processing company 99: Model not trained
2025-08-18 09:52:39,064 - ERROR - Error processing company 100: Model not trained
2025-08-18 09:52:39,086 - ERROR - Error processing company 101: Model not trained
2025-08-18 09:52:39,112 - ERROR - Error processing company 102: Model not trained
2025-08-18 09:52:39,131 - INFO - Updated company 103: Textiles \u2192 Textiles (method: alias_resolution, confidence: 0.95)
2025-08-18 09:52:39,145 - INFO - Updated company 104: Textiles \u2192 Textiles (method: alias_resolution, confidence: 0.95)
2025-08-18 09:52:39,165 - ERROR - Error processing company 105: Model not trained
2025-08-18 09:52:39,184 - ERROR - Error processing company 106: Model not trained
2025-08-18 09:52:39,203 - ERROR - Error processing company 107: Model not trained
2025-08-18 09:52:39,224 - ERROR - Error processing company 108: Model not trained
2025-08-18 09:52:39,247 - ERROR - Error processing company 109: Model not trained
2025-08-18 09:52:39,268 - ERROR - Error processing company 110: Model not trained
2025-08-18 09:52:39,287 - ERROR - Error processing company 111: Model not trained
2025-08-18 09:52:39,306 - ERROR - Error processing company 112: Model not trained
2025-08-18 09:52:39,326 - ERROR - Error processing company 113: Model not trained
2025-08-18 09:52:39,346 - ERROR - Error processing company 114: Model not trained
2025-08-18 09:52:39,366 - ERROR - Error processing company 115: Model not trained
2025-08-18 09:52:39,386 - ERROR - Error processing company 116: Model not trained
2025-08-18 09:52:39,406 - ERROR - Error processing company 118: Model not trained
2025-08-18 09:52:39,424 - ERROR - Error processing company 122: Model not trained
2025-08-18 09:52:39,441 - ERROR - Error processing company 123: Model not trained
2025-08-18 09:52:39,460 - ERROR - Error processing company 124: Model not trained
2025-08-18 09:52:39,476 - ERROR - Error processing company 127: Model not trained
2025-08-18 09:52:39,493 - ERROR - Error processing company 128: Model not trained
2025-08-18 09:52:39,511 - ERROR - Error processing company 129: Model not trained
2025-08-18 09:52:39,530 - ERROR - Error processing company 130: Model not trained
2025-08-18 09:52:39,548 - ERROR - Error processing company 131: Model not trained
2025-08-18 09:52:39,569 - ERROR - Error processing company 132: Model not trained
2025-08-18 09:52:39,611 - ERROR - Error processing company 133: Model not trained
2025-08-18 09:52:39,630 - ERROR - Error processing company 134: Model not trained
2025-08-18 09:52:39,652 - ERROR - Error processing company 135: Model not trained
2025-08-18 09:52:39,671 - ERROR - Error processing company 136: Model not trained
2025-08-18 09:52:39,690 - ERROR - Error processing company 137: Model not trained
2025-08-18 09:52:39,710 - ERROR - Error processing company 138: Model not trained
2025-08-18 09:52:39,731 - INFO - Updated company 140: Textiles \u2192 Textiles (method: alias_resolution, confidence: 0.95)
2025-08-18 09:52:39,745 - INFO - Updated company 141: Textiles \u2192 Textiles (method: alias_resolution, confidence: 0.95)
2025-08-18 09:52:39,760 - INFO - Updated company 142: Textiles \u2192 Textiles (method: alias_resolution, confidence: 0.95)
2025-08-18 09:52:39,775 - INFO - Updated company 143: Textiles \u2192 Textiles (method: alias_resolution, confidence: 0.95)
2025-08-18 09:52:39,791 - INFO - Updated company 144: Textiles \u2192 Textiles (method: alias_resolution, confidence: 0.95)
2025-08-18 09:52:39,815 - ERROR - Error processing company 145: Model not trained
2025-08-18 09:52:39,838 - ERROR - Error processing company 146: Model not trained
2025-08-18 09:52:39,861 - ERROR - Error processing company 147: Model not trained
2025-08-18 09:52:39,885 - ERROR - Error processing company 148: Model not trained
2025-08-18 09:52:39,910 - ERROR - Error processing company 149: Model not trained
2025-08-18 09:52:39,932 - ERROR - Error processing company 150: Model not trained
2025-08-18 09:52:39,955 - ERROR - Error processing company 151: Model not trained
2025-08-18 09:52:39,978 - ERROR - Error processing company 152: Model not trained
2025-08-18 09:52:39,998 - ERROR - Error processing company 153: Model not trained
2025-08-18 09:52:40,017 - ERROR - Error processing company 154: Model not trained
2025-08-18 09:52:40,038 - ERROR - Error processing company 155: Model not trained
2025-08-18 09:52:40,057 - ERROR - Error processing company 156: Model not trained
2025-08-18 09:52:40,076 - ERROR - Error processing company 157: Model not trained
2025-08-18 09:52:40,095 - ERROR - Error processing company 158: Model not trained
2025-08-18 09:52:40,114 - ERROR - Error processing company 159: Model not trained
2025-08-18 09:52:40,134 - ERROR - Error processing company 160: Model not trained
2025-08-18 09:52:40,134 - ERROR - Error processing company 161: sequence item 1: expected str instance, NoneType found
2025-08-18 09:52:40,135 - ERROR - Error processing company 162: sequence item 1: expected str instance, NoneType found
2025-08-18 09:52:40,135 - ERROR - Error processing company 163: sequence item 1: expected str instance, NoneType found
2025-08-18 09:52:40,136 - ERROR - Error processing company 164: sequence item 1: expected str instance, NoneType found
2025-08-18 09:52:40,136 - ERROR - Error processing company 165: sequence item 1: expected str instance, NoneType found
2025-08-18 09:52:40,136 - ERROR - Error processing company 166: sequence item 1: expected str instance, NoneType found
2025-08-18 09:52:40,137 - ERROR - Error processing company 167: sequence item 1: expected str instance, NoneType found
2025-08-18 09:52:40,137 - INFO - Classification process completed
